// Jest Snapshot v1, https://goo.gl/fbAQLP

exports[`@handbook/code-block should render <CodeBlock> 1`] = `"<pre class=\\"prism-code language-typescript\\" style=\\"color: rgb(156, 220, 254); background-color: rgb(30, 30, 30); padding: 1em;\\"><div class=\\"token-line\\" style=\\"color: rgb(156, 220, 254);\\"><span class=\\"token keyword\\" style=\\"color: rgb(86, 156, 214);\\">interface</span><span class=\\"token plain\\"> </span><span class=\\"token class-name\\" style=\\"color: rgb(78, 201, 176);\\">Test</span><span class=\\"token plain\\"> </span><span class=\\"token punctuation\\" style=\\"color: rgb(212, 212, 212);\\">{</span><span class=\\"token plain\\"></span></div><div class=\\"token-line\\" style=\\"color: rgb(156, 220, 254);\\"><span class=\\"token plain\\">  s</span><span class=\\"token punctuation\\" style=\\"color: rgb(212, 212, 212);\\">:</span><span class=\\"token plain\\"> </span><span class=\\"token builtin\\" style=\\"color: rgb(86, 156, 214);\\">string</span><span class=\\"token punctuation\\" style=\\"color: rgb(212, 212, 212);\\">;</span><span class=\\"token plain\\"></span></div><div class=\\"token-line\\" style=\\"color: rgb(156, 220, 254);\\"><span class=\\"token plain\\">  a</span><span class=\\"token punctuation\\" style=\\"color: rgb(212, 212, 212);\\">:</span><span class=\\"token plain\\"> </span><span class=\\"token builtin\\" style=\\"color: rgb(86, 156, 214);\\">number</span><span class=\\"token punctuation\\" style=\\"color: rgb(212, 212, 212);\\">;</span><span class=\\"token plain\\"></span></div><div class=\\"token-line\\" style=\\"color: rgb(156, 220, 254);\\"><span class=\\"token plain\\">  b</span><span class=\\"token punctuation\\" style=\\"color: rgb(212, 212, 212);\\">:</span><span class=\\"token plain\\"> </span><span class=\\"token builtin\\" style=\\"color: rgb(86, 156, 214);\\">number</span><span class=\\"token punctuation\\" style=\\"color: rgb(212, 212, 212);\\">;</span><span class=\\"token plain\\"></span></div><div class=\\"token-line\\" style=\\"color: rgb(156, 220, 254);\\"><span class=\\"token plain\\"></span><span class=\\"token punctuation\\" style=\\"color: rgb(212, 212, 212);\\">}</span></div></pre>"`;

exports[`@handbook/code-block should render <MDXCodeBlock> 1`] = `"<pre class=\\"prism-code language-typescript\\" style=\\"color: rgb(156, 220, 254); background-color: rgb(30, 30, 30); padding: 1em;\\"><div class=\\"token-line\\" style=\\"color: rgb(156, 220, 254);\\"><span class=\\"token keyword\\" style=\\"color: rgb(86, 156, 214);\\">interface</span><span class=\\"token plain\\"> </span><span class=\\"token class-name\\" style=\\"color: rgb(78, 201, 176);\\">Test</span><span class=\\"token plain\\"> </span><span class=\\"token punctuation\\" style=\\"color: rgb(212, 212, 212);\\">{</span><span class=\\"token plain\\"></span></div><div class=\\"token-line\\" style=\\"color: rgb(156, 220, 254);\\"><span class=\\"token plain\\">  s</span><span class=\\"token punctuation\\" style=\\"color: rgb(212, 212, 212);\\">:</span><span class=\\"token plain\\"> </span><span class=\\"token builtin\\" style=\\"color: rgb(86, 156, 214);\\">string</span><span class=\\"token punctuation\\" style=\\"color: rgb(212, 212, 212);\\">;</span><span class=\\"token plain\\"></span></div><div class=\\"token-line\\" style=\\"color: rgb(156, 220, 254);\\"><span class=\\"token plain\\">  a</span><span class=\\"token punctuation\\" style=\\"color: rgb(212, 212, 212);\\">:</span><span class=\\"token plain\\"> </span><span class=\\"token builtin\\" style=\\"color: rgb(86, 156, 214);\\">number</span><span class=\\"token punctuation\\" style=\\"color: rgb(212, 212, 212);\\">;</span><span class=\\"token plain\\"></span></div><div class=\\"token-line\\" style=\\"color: rgb(156, 220, 254);\\"><span class=\\"token plain\\">  b</span><span class=\\"token punctuation\\" style=\\"color: rgb(212, 212, 212);\\">:</span><span class=\\"token plain\\"> </span><span class=\\"token builtin\\" style=\\"color: rgb(86, 156, 214);\\">number</span><span class=\\"token punctuation\\" style=\\"color: rgb(212, 212, 212);\\">;</span><span class=\\"token plain\\"></span></div><div class=\\"token-line\\" style=\\"color: rgb(156, 220, 254);\\"><span class=\\"token plain\\"></span><span class=\\"token punctuation\\" style=\\"color: rgb(212, 212, 212);\\">}</span></div></pre>"`;
